C251 COMPILER V5.60.0,  LED                                                                30/07/26  17:05:14  PAGE 1   


C251 COMPILER V5.60.0, COMPILATION OF MODULE LED
OBJECT MODULE PLACED IN .\Objects\LED.obj
COMPILER INVOKED BY: C:\Keil_v5\C251\BIN\C251.EXE HARDWARE\src\LED.c INTR2 BROWSE INCDIR(.\HARDWARE\inc) DEBUG PRINT(.\L
                    -istings\LED.lst) TABS(2) OBJECT(.\Objects\LED.obj) 

stmt  level    source

    1          #include "LED.h" 
    2          
    3          sbit LED_R=P0^5;    //重定义LED引脚功能
    4          sbit LED_L=P3^4;    //重定义LED引脚功能 
    5          
    6          
    7          void LED_Init_Port(void)
    8          { 
    9   1          P3M0 = 0x10;        
   10   1          P3M1 = 0x00; 
   11   1      
   12   1          P0M0 = 0x20;        
   13   1          P0M1 = 0x00;    
   14   1        
   15   1          LED_OFF(); 
   16   1        
   17   1      }
   18          
   19          void LED_ON(void)
   20          { 
   21   1        
   22   1        LED_R=1;   //输出高电平
   23   1        LED_L=1; 
   24   1        
   25   1      }
   26          
   27          void LED_OFF(void)
   28          { 
   29   1        
   30   1        LED_R=0;   //输出低电平
   31   1        LED_L=0; 
   32   1        
   33   1      }
   34          
   35          


Module Information          Static   Overlayable
------------------------------------------------
  code size            =        25     ------
  ecode size           =    ------     ------
  data size            =    ------     ------
  idata size           =    ------     ------
  pdata size           =    ------     ------
  xdata size           =    ------     ------
  xdata-const size     =    ------     ------
  edata size           =    ------     ------
  bit size             =    ------     ------
  ebit size            =    ------     ------
  bitaddressable size  =    ------     ------
  ebitaddressable size =    ------     ------
  far data size        =    ------     ------
  huge data size       =    ------     ------
  const size           =    ------     ------
  hconst size          =    ------     ------
End of Module Information.


C251 COMPILATION COMPLETE.  0 WARNING(S),  0 ERROR(S)
