C251 COMPILER V5.60.0,  motor                                                              30/07/26  17:05:13  PAGE 1   


C251 COMPILER V5.60.0, COMPILATION OF MODULE motor
OBJECT MODULE PLACED IN .\Objects\motor.obj
COMPILER INVOKED BY: C:\Keil_v5\C251\BIN\C251.EXE HARDWARE\src\motor.c INTR2 BROWSE INCDIR(.\HARDWARE\inc) DEBUG PRINT(.
                    -\Listings\motor.lst) TABS(2) OBJECT(.\Objects\motor.obj) 

stmt  level    source

    1          #include "motor.h" 
    2          #include "delay.h"  
    3          #include "timer.h"  
    4          
    5          /***************************电机端口定义*************************************/
    6          sbit LH_B=P2^0;
    7          sbit LH_F=P2^1; 
    8          
    9          sbit RH_F=P2^2;
   10          sbit RH_B=P2^3;
   11          
   12          sbit RQ_F=P1^4;
   13          sbit RQ_B=P1^5;
   14          
   15          sbit LQ_F=P1^6;
   16          sbit LQ_B=P1^7;  
   17          
   18          
   19          void Motor_Init_Port(void)
   20          {
   21   1          P2M0 = 0x0F;        
   22   1          P2M1 = 0x00;  
   23   1        
   24   1          P1M0 = 0xF0;        
   25   1          P1M1 = 0x00;   
   26   1        
   27   1          delay_ms(50); //等待稳定
   28   1      }
   29          
   30          void Car_Forword(uint8 pwm_perent)//前进
   31          {  
   32   1        
   33   1       PWM_Count = pwm_perent;
   34   1        
   35   1        LH_B=0;  
   36   1        LH_F=1;
   37   1        
   38   1        RH_F=1;  
   39   1        RH_B=0;
   40   1        
   41   1        RQ_F=0;
   42   1        RQ_B=1;
   43   1        
   44   1        LQ_F=0;
   45   1        LQ_B=1;
   46   1      }
   47          
   48          //void Car_Back(uint8 pwm_perent)//后退
   49          //{ 
   50          // PWM_Count = pwm_perent; 
   51          //  
   52          //  LH_B=1;  
   53          //  LH_F=0; 
   54          //  
   55          //  LQ_F=1;
   56          //  LQ_B=0;  
   57          //  
   58          //  RH_F=0;  
C251 COMPILER V5.60.0,  motor                                                              30/07/26  17:05:13  PAGE 2   

   59          //  RH_B=1;
   60          //  
   61          //  RQ_F=1;
   62          //  RQ_B=0;
   63          //  
   64          //}
   65          
   66          void Car_Turn_Left(uint8 pwm_perent)//左转
   67          {
   68   1        PWM_Count = pwm_perent;  
   69   1        
   70   1        LH_B=1;  
   71   1        LH_F=1; 
   72   1        
   73   1        LQ_F=1;
   74   1        LQ_B=0;  
   75   1        
   76   1        RH_F=1;  
   77   1        RH_B=0;
   78   1        
   79   1        RQ_F=0;
   80   1        RQ_B=1;
   81   1        
   82   1      }
   83          
   84          void Car_Turn_Right(uint8 pwm_perent)//右转
   85          {
   86   1        PWM_Count = pwm_perent; 
   87   1        
   88   1        LQ_F=0;
   89   1        LQ_B=1; 
   90   1        
   91   1        LH_B=0;  
   92   1        LH_F=1;
   93   1        
   94   1        RH_F=1;  
   95   1        RH_B=1;
   96   1        
   97   1        RQ_F=1;
   98   1        RQ_B=0;
   99   1      
  100   1      }
  101          
  102          void Car_Turn_Right1(uint8 pwm_perent)//右转
  103          {
  104   1        PWM_Count = pwm_perent; 
  105   1        
  106   1        LQ_F=0;
  107   1        LQ_B=1; 
  108   1        
  109   1        LH_B=0;  
  110   1        LH_F=1;
  111   1        
  112   1        RH_F=1;  
  113   1        RH_B=1;
  114   1        
  115   1        RQ_F=1;
  116   1        RQ_B=0;
  117   1      
  118   1      }
  119          
  120          void Car_Stop(void)//停止
  121          { 
  122   1        
  123   1        LH_B=0;  
  124   1        LH_F=0;
C251 COMPILER V5.60.0,  motor                                                              30/07/26  17:05:13  PAGE 3   

  125   1        
  126   1        RH_F=0;  
  127   1        RH_B=0;
  128   1        
  129   1        RQ_F=0;
  130   1        RQ_B=0;
  131   1        
  132   1        LQ_F=0;
  133   1        LQ_B=0;
  134   1      }
  135          
  136          
  137          
  138          
  139          
  140          
  141          
  142          
  143          
  144          
  145          
  146          
  147          
  148          
  149          
  150          
  151          
  152          
  153          
  154          
  155          
  156          
  157          
  158          
  159          
  160          
  161          
  162          
  163          
  164          
  165          
  166          
  167          
  168          
  169          
  170          


Module Information          Static   Overlayable
------------------------------------------------
  code size            =       116     ------
  ecode size           =    ------     ------
  data size            =    ------     ------
  idata size           =    ------     ------
  pdata size           =    ------     ------
  xdata size           =    ------     ------
  xdata-const size     =    ------     ------
  edata size           =    ------     ------
  bit size             =    ------     ------
  ebit size            =    ------     ------
  bitaddressable size  =    ------     ------
  ebitaddressable size =    ------     ------
  far data size        =    ------     ------
  huge data size       =    ------     ------
  const size           =    ------     ------
  hconst size          =    ------     ------
End of Module Information.

C251 COMPILER V5.60.0,  motor                                                              30/07/26  17:05:13  PAGE 4   


C251 COMPILATION COMPLETE.  0 WARNING(S),  0 ERROR(S)
